Enabled breakpoint within `f`, but not within `g`
InterpretSnapshot:
  isStatus: running / faced statement
  isStackFrames:
    [ StackFrame:
      sfName: main
      sfLoc: test/contracts/functions-visiting.mligo@12:3-12:17
      sfStack:
        [ StackItem:
          siLigoDesc: elem s of int in test/contracts/functions-visiting.mligo
          siValue: 0
        , StackItem:
          siLigoDesc:
            elem g of unit -> int in test/contracts/functions-visiting.mligo
          siValue:
            { DROP; { { PUSH int 10 }; { PUSH int 10 }; ADD }; {  }; {  } }
        , StackItem:
          siLigoDesc:
            elem f of int -> int in test/contracts/functions-visiting.mligo
          siValue:
            { {  };
              { { { PUSH int 100 }; { SWAP }; ADD };
                {  };
                { { { PUSH int 100 }; { SWAP }; ADD }; {  }; {  } } } } ] ]
InterpretSnapshot:
  isStatus: running / faced statement
  isStackFrames:
    [ StackFrame:
      sfName: main
      sfLoc: test/contracts/functions-visiting.mligo@13:3-13:23
      sfStack:
        [ StackItem:
          siLigoDesc: elem s of int in test/contracts/functions-visiting.mligo
          siValue: 0
        , StackItem:
          siLigoDesc: elem s2 of int in test/contracts/functions-visiting.mligo
          siValue: 1
        , StackItem:
          siLigoDesc:
            elem g of unit -> int in test/contracts/functions-visiting.mligo
          siValue:
            { DROP; { { PUSH int 10 }; { PUSH int 10 }; ADD }; {  }; {  } }
        , StackItem:
          siLigoDesc:
            elem f of int -> int in test/contracts/functions-visiting.mligo
          siValue:
            { {  };
              { { { PUSH int 100 }; { SWAP }; ADD };
                {  };
                { { { PUSH int 100 }; { SWAP }; ADD }; {  }; {  } } } } ] ]
InterpretSnapshot:
  isStatus: running / faced statement
  isStackFrames:
    [ StackFrame:
      sfName: f
      sfLoc: test/contracts/functions-visiting.mligo@2:5-2:20
      sfStack:
        [ StackItem:
          siLigoDesc: elem a of int in test/contracts/functions-visiting.mligo
          siValue: 1 ]
    , StackFrame:
      sfName: main
      sfLoc: test/contracts/functions-visiting.mligo@13:18-13:23
      sfStack:
        [ StackItem:
          siLigoDesc: elem s of int in test/contracts/functions-visiting.mligo
          siValue: 0
        , StackItem:
          siLigoDesc: elem s2 of int in test/contracts/functions-visiting.mligo
          siValue: 1
        , StackItem:
          siLigoDesc:
            elem g of unit -> int in test/contracts/functions-visiting.mligo
          siValue:
            { DROP; { { PUSH int 10 }; { PUSH int 10 }; ADD }; {  }; {  } }
        , StackItem:
          siLigoDesc:
            elem f of int -> int in test/contracts/functions-visiting.mligo
          siValue:
            { {  };
              { { { PUSH int 100 }; { SWAP }; ADD };
                {  };
                { { { PUSH int 100 }; { SWAP }; ADD }; {  }; {  } } } } ] ]
InterpretSnapshot:
  isStatus: running / upon expression
  isStackFrames:
    [ StackFrame:
      sfName: f
      sfLoc: test/contracts/functions-visiting.mligo@2:13-2:20
      sfStack:
        [ StackItem:
          siLigoDesc: elem a of int in test/contracts/functions-visiting.mligo
          siValue: 1 ]
    , StackFrame:
      sfName: main
      sfLoc: test/contracts/functions-visiting.mligo@13:18-13:23
      sfStack:
        [ StackItem:
          siLigoDesc: elem s of int in test/contracts/functions-visiting.mligo
          siValue: 0
        , StackItem:
          siLigoDesc: elem s2 of int in test/contracts/functions-visiting.mligo
          siValue: 1
        , StackItem:
          siLigoDesc:
            elem g of unit -> int in test/contracts/functions-visiting.mligo
          siValue:
            { DROP; { { PUSH int 10 }; { PUSH int 10 }; ADD }; {  }; {  } }
        , StackItem:
          siLigoDesc:
            elem f of int -> int in test/contracts/functions-visiting.mligo
          siValue:
            { {  };
              { { { PUSH int 100 }; { SWAP }; ADD };
                {  };
                { { { PUSH int 100 }; { SWAP }; ADD }; {  }; {  } } } } ] ]
InterpretSnapshot:
  isStatus: running / expression evaluated (101 : int)
  isStackFrames:
    [ StackFrame:
      sfName: f
      sfLoc: test/contracts/functions-visiting.mligo@2:13-2:20
      sfStack:
        [ StackItem:
          siLigoDesc: elem a of int in test/contracts/functions-visiting.mligo
          siValue: 1 ]
    , StackFrame:
      sfName: main
      sfLoc: test/contracts/functions-visiting.mligo@13:18-13:23
      sfStack:
        [ StackItem:
          siLigoDesc: elem s of int in test/contracts/functions-visiting.mligo
          siValue: 0
        , StackItem:
          siLigoDesc: elem s2 of int in test/contracts/functions-visiting.mligo
          siValue: 1
        , StackItem:
          siLigoDesc:
            elem g of unit -> int in test/contracts/functions-visiting.mligo
          siValue:
            { DROP; { { PUSH int 10 }; { PUSH int 10 }; ADD }; {  }; {  } }
        , StackItem:
          siLigoDesc:
            elem f of int -> int in test/contracts/functions-visiting.mligo
          siValue:
            { {  };
              { { { PUSH int 100 }; { SWAP }; ADD };
                {  };
                { { { PUSH int 100 }; { SWAP }; ADD }; {  }; {  } } } } ] ]
InterpretSnapshot:
  isStatus: running / faced statement
  isStackFrames:
    [ StackFrame:
      sfName: f
      sfLoc: test/contracts/functions-visiting.mligo@3:8-3:24
      sfStack:
        [ StackItem:
          siLigoDesc: elem a of int in test/contracts/functions-visiting.mligo
          siValue: 1
        , StackItem:
          siLigoDesc: elem x of int in test/contracts/functions-visiting.mligo
          siValue: 101 ]
    , StackFrame:
      sfName: main
      sfLoc: test/contracts/functions-visiting.mligo@13:18-13:23
      sfStack:
        [ StackItem:
          siLigoDesc: elem s of int in test/contracts/functions-visiting.mligo
          siValue: 0
        , StackItem:
          siLigoDesc: elem s2 of int in test/contracts/functions-visiting.mligo
          siValue: 1
        , StackItem:
          siLigoDesc:
            elem g of unit -> int in test/contracts/functions-visiting.mligo
          siValue:
            { DROP; { { PUSH int 10 }; { PUSH int 10 }; ADD }; {  }; {  } }
        , StackItem:
          siLigoDesc:
            elem f of int -> int in test/contracts/functions-visiting.mligo
          siValue:
            { {  };
              { { { PUSH int 100 }; { SWAP }; ADD };
                {  };
                { { { PUSH int 100 }; { SWAP }; ADD }; {  }; {  } } } } ] ]
InterpretSnapshot:
  isStatus: running / faced statement
  isStackFrames:
    [ StackFrame:
      sfName: f
      sfLoc: test/contracts/functions-visiting.mligo@4:8-4:10
      sfStack:
        [ StackItem:
          siLigoDesc: elem a of int in test/contracts/functions-visiting.mligo
          siValue: 1
        , StackItem:
          siLigoDesc: elem x of int in test/contracts/functions-visiting.mligo
          siValue: 101
        , StackItem:
          siLigoDesc: elem x2 of int in test/contracts/functions-visiting.mligo
          siValue: 201 ]
    , StackFrame:
      sfName: main
      sfLoc: test/contracts/functions-visiting.mligo@13:18-13:23
      sfStack:
        [ StackItem:
          siLigoDesc: elem s of int in test/contracts/functions-visiting.mligo
          siValue: 0
        , StackItem:
          siLigoDesc: elem s2 of int in test/contracts/functions-visiting.mligo
          siValue: 1
        , StackItem:
          siLigoDesc:
            elem g of unit -> int in test/contracts/functions-visiting.mligo
          siValue:
            { DROP; { { PUSH int 10 }; { PUSH int 10 }; ADD }; {  }; {  } }
        , StackItem:
          siLigoDesc:
            elem f of int -> int in test/contracts/functions-visiting.mligo
          siValue:
            { {  };
              { { { PUSH int 100 }; { SWAP }; ADD };
                {  };
                { { { PUSH int 100 }; { SWAP }; ADD }; {  }; {  } } } } ] ]
InterpretSnapshot:
  isStatus: running / expression evaluated (201 : int)
  isStackFrames:
    [ StackFrame:
      sfName: main
      sfLoc: test/contracts/functions-visiting.mligo@13:18-13:23
      sfStack:
        [ StackItem:
          siLigoDesc: elem s of int in test/contracts/functions-visiting.mligo
          siValue: 0
        , StackItem:
          siLigoDesc: elem s2 of int in test/contracts/functions-visiting.mligo
          siValue: 1
        , StackItem:
          siLigoDesc:
            elem g of unit -> int in test/contracts/functions-visiting.mligo
          siValue:
            { DROP; { { PUSH int 10 }; { PUSH int 10 }; ADD }; {  }; {  } }
        , StackItem:
          siLigoDesc:
            elem f of int -> int in test/contracts/functions-visiting.mligo
          siValue:
            { {  };
              { { { PUSH int 100 }; { SWAP }; ADD };
                {  };
                { { { PUSH int 100 }; { SWAP }; ADD }; {  }; {  } } } } ] ]
InterpretSnapshot:
  isStatus: running / faced statement
  isStackFrames:
    [ StackFrame:
      sfName: main
      sfLoc: test/contracts/functions-visiting.mligo@14:3-14:30
      sfStack:
        [ StackItem:
          siLigoDesc:
            elem f of int -> int in test/contracts/functions-visiting.mligo
          siValue:
            { {  };
              { { { PUSH int 100 }; { SWAP }; ADD };
                {  };
                { { { PUSH int 100 }; { SWAP }; ADD }; {  }; {  } } } }
        , StackItem:
          siLigoDesc:
            elem g of unit -> int in test/contracts/functions-visiting.mligo
          siValue:
            { DROP; { { PUSH int 10 }; { PUSH int 10 }; ADD }; {  }; {  } }
        , StackItem:
          siLigoDesc: elem s of int in test/contracts/functions-visiting.mligo
          siValue: 0
        , StackItem:
          siLigoDesc: elem s2 of int in test/contracts/functions-visiting.mligo
          siValue: 1
        , StackItem:
          siLigoDesc: elem s3 of int in test/contracts/functions-visiting.mligo
          siValue: 221 ] ]
InterpretSnapshot:
  isStatus: terminated ok
  isStackFrames:
    [ StackFrame:
      sfName: main
      sfLoc: test/contracts/functions-visiting.mligo@14:4-14:29
      sfStack:
        [ StackItem:
          siLigoDesc: elem ? of  in #generated
          siValue: Pair { } 221
        , StackItem:
          siLigoDesc: elem ? of  in #generated
          siValue: 0 ] ]