InterpretSnapshot:
  isStatus: running / faced statement
  isStackFrames:
    [ StackFrame:
      sfName: main
      sfLoc: test/contracts/statements-in-case-branch.jsligo@3:3-3:13
      sfStack:
        [ StackItem:
          siLigoDesc:
            elem s of int in test/contracts/statements-in-case-branch.jsligo
          siValue: 0
        , StackItem:
          siLigoDesc:
            elem p of string in test/contracts/statements-in-case-branch.jsligo
          siValue: "Variant1" ] ]
InterpretSnapshot:
  isStatus: running / faced statement
  isStackFrames:
    [ StackFrame:
      sfName: main
      sfLoc: test/contracts/statements-in-case-branch.jsligo@4:9-4:12
      sfStack:
        [ StackItem:
          siLigoDesc:
            elem ? of (False of (unit) | True of (unit)) in test/contracts/statements-in-case-branch.jsligo
          siValue: False
        , StackItem:
          siLigoDesc:
            elem s2 of int in test/contracts/statements-in-case-branch.jsligo
          siValue: 0
        , StackItem:
          siLigoDesc:
            elem s of int in test/contracts/statements-in-case-branch.jsligo
          siValue: 0
        , StackItem:
          siLigoDesc:
            elem p of string in test/contracts/statements-in-case-branch.jsligo
          siValue: "Variant1" ] ]
InterpretSnapshot:
  isStatus: running / faced statement
  isStackFrames:
    [ StackFrame:
      sfName: main
      sfLoc: test/contracts/statements-in-case-branch.jsligo@6:7-6:18
      sfStack:
        [ StackItem:
          siLigoDesc: elem ? of (False of (unit) | True of (unit)) in #generated
          siValue: True
        , StackItem:
          siLigoDesc:
            elem ? of (False of (unit) | True of (unit)) in test/contracts/statements-in-case-branch.jsligo
          siValue: False
        , StackItem:
          siLigoDesc:
            elem s2 of int in test/contracts/statements-in-case-branch.jsligo
          siValue: 0
        , StackItem:
          siLigoDesc:
            elem s of int in test/contracts/statements-in-case-branch.jsligo
          siValue: 0
        , StackItem:
          siLigoDesc:
            elem p of string in test/contracts/statements-in-case-branch.jsligo
          siValue: "Variant1" ] ]
InterpretSnapshot:
  isStatus: running / faced statement
  isStackFrames:
    [ StackFrame:
      sfName: main
      sfLoc: test/contracts/statements-in-case-branch.jsligo@13:3-13:22
      sfStack:
        [ StackItem:
          siLigoDesc:
            elem p of string in test/contracts/statements-in-case-branch.jsligo
          siValue: "Variant1"
        , StackItem:
          siLigoDesc:
            elem s2 of int in test/contracts/statements-in-case-branch.jsligo
          siValue: 42
        , StackItem:
          siLigoDesc:
            elem s of int in test/contracts/statements-in-case-branch.jsligo
          siValue: 0 ] ]
InterpretSnapshot:
  isStatus: terminated ok
  isStackFrames:
    [ StackFrame:
      sfName: main
      sfLoc: test/contracts/statements-in-case-branch.jsligo@13:11-13:13
      sfStack:
        [ StackItem:
          siLigoDesc: elem ? of  in #generated
          siValue: Pair { } 42
        , StackItem:
          siLigoDesc: elem ? of  in #generated
          siValue: 0 ] ]