InterpretSnapshot:
  isStatus: running / faced statement
  isStackFrames:
    [ StackFrame:
      sfName: IncDec.decrement
      sfLoc: test/contracts/module-entrypoints.mligo@9:5-9:22
      sfStack:
        [ StackItem:
          siLigoDesc:
            elem store of int in test/contracts/module-entrypoints.mligo
          siValue: 100
        , StackItem:
          siLigoDesc:
            elem delta of int in test/contracts/module-entrypoints.mligo
          siValue: 42 ] ]
InterpretSnapshot:
  isStatus: running / upon expression
  isStackFrames:
    [ StackFrame:
      sfName: IncDec.decrement
      sfLoc: test/contracts/module-entrypoints.mligo@9:9-9:22
      sfStack:
        [ StackItem:
          siLigoDesc:
            elem store of int in test/contracts/module-entrypoints.mligo
          siValue: 100
        , StackItem:
          siLigoDesc:
            elem delta of int in test/contracts/module-entrypoints.mligo
          siValue: 42 ] ]
InterpretSnapshot:
  isStatus: running / expression evaluated (58 : int)
  isStackFrames:
    [ StackFrame:
      sfName: IncDec.decrement
      sfLoc: test/contracts/module-entrypoints.mligo@9:9-9:22
      sfStack:
        [ StackItem:
          siLigoDesc:
            elem store of int in test/contracts/module-entrypoints.mligo
          siValue: 100
        , StackItem:
          siLigoDesc:
            elem delta of int in test/contracts/module-entrypoints.mligo
          siValue: 42 ] ]
InterpretSnapshot:
  isStatus: running / upon expression
  isStackFrames:
    [ StackFrame:
      sfName: IncDec.decrement
      sfLoc: test/contracts/module-entrypoints.mligo@9:5-9:7
      sfStack:
        [ StackItem:
          siLigoDesc:
            elem store of int in test/contracts/module-entrypoints.mligo
          siValue: 100
        , StackItem:
          siLigoDesc:
            elem delta of int in test/contracts/module-entrypoints.mligo
          siValue: 42 ] ]
InterpretSnapshot:
  isStatus: running / expression evaluated ({ } : operation list)
  isStackFrames:
    [ StackFrame:
      sfName: IncDec.decrement
      sfLoc: test/contracts/module-entrypoints.mligo@9:5-9:7
      sfStack:
        [ StackItem:
          siLigoDesc:
            elem store of int in test/contracts/module-entrypoints.mligo
          siValue: 100
        , StackItem:
          siLigoDesc:
            elem delta of int in test/contracts/module-entrypoints.mligo
          siValue: 42 ] ]
InterpretSnapshot:
  isStatus: terminated ok
  isStackFrames:
    [ StackFrame:
      sfName: IncDec.decrement
      sfLoc: test/contracts/module-entrypoints.mligo@9:5-9:7
      sfStack:
        [ StackItem:
          siLigoDesc: elem ? of  in #generated
          siValue: Pair { } 58
        , StackItem:
          siLigoDesc: elem ? of  in #generated
          siValue: 100 ] ]