InterpretSnapshot:
  isStatus: running / faced statement
  isStackFrames:
    [ StackFrame:
      sfName: IncDec.reset
      sfLoc: test/contracts/module-entrypoints.mligo@11:5-11:10
      sfStack:
        [ StackItem:
          siLigoDesc:
            elem ? of (([@layout comb] |
                Reset of (unit) | Decrement of (int) | Increment of (int)) * int) in #generated
          siValue: Unit
        , StackItem:
          siLigoDesc: elem s of int in #generated
          siValue: 100
        , StackItem:
          siLigoDesc:
            elem IncDec.reset of unit -> int -> (operation list * int) in test/contracts/module-entrypoints.mligo
          siValue:
            { DROP;
              LAMBDA
                int
                (pair (list operation) int)
                { DROP; { { PUSH int 0 }; { NIL operation }; PAIR } } } ] ]
InterpretSnapshot:
  isStatus: running / upon expression
  isStackFrames:
    [ StackFrame:
      sfName: IncDec.reset
      sfLoc: test/contracts/module-entrypoints.mligo@11:5-11:7
      sfStack:
        [ StackItem:
          siLigoDesc:
            elem ? of (([@layout comb] |
                Reset of (unit) | Decrement of (int) | Increment of (int)) * int) in #generated
          siValue: Unit
        , StackItem:
          siLigoDesc: elem s of int in #generated
          siValue: 100
        , StackItem:
          siLigoDesc:
            elem IncDec.reset of unit -> int -> (operation list * int) in test/contracts/module-entrypoints.mligo
          siValue:
            { DROP;
              LAMBDA
                int
                (pair (list operation) int)
                { DROP; { { PUSH int 0 }; { NIL operation }; PAIR } } } ] ]
InterpretSnapshot:
  isStatus: running / expression evaluated ({ } : operation list)
  isStackFrames:
    [ StackFrame:
      sfName: IncDec.reset
      sfLoc: test/contracts/module-entrypoints.mligo@11:5-11:7
      sfStack:
        [ StackItem:
          siLigoDesc:
            elem ? of (([@layout comb] |
                Reset of (unit) | Decrement of (int) | Increment of (int)) * int) in #generated
          siValue: Unit
        , StackItem:
          siLigoDesc: elem s of int in #generated
          siValue: 100
        , StackItem:
          siLigoDesc:
            elem IncDec.reset of unit -> int -> (operation list * int) in test/contracts/module-entrypoints.mligo
          siValue:
            { DROP;
              LAMBDA
                int
                (pair (list operation) int)
                { DROP; { { PUSH int 0 }; { NIL operation }; PAIR } } } ] ]
InterpretSnapshot:
  isStatus: terminated ok
  isStackFrames:
    [ StackFrame:
      sfName: IncDec.reset
      sfLoc: test/contracts/module-entrypoints.mligo@11:5-11:7
      sfStack:
        [ StackItem:
          siLigoDesc: elem ? of  in #generated
          siValue: Pair { } 0
        , StackItem:
          siLigoDesc: elem ? of  in #generated
          siValue: 100 ] ]