InterpretSnapshot:
  isStatus: running / faced statement
  isStackFrames:
    [ StackFrame:
      sfName: IncDec.increment
      sfLoc: test/contracts/module-entrypoints.mligo@7:5-7:22
      sfStack:
        [ StackItem:
          siLigoDesc:
            elem store of int in test/contracts/module-entrypoints.mligo
          siValue: 100
        , StackItem:
          siLigoDesc:
            elem delta of int in test/contracts/module-entrypoints.mligo
          siValue: 42 ] ]
InterpretSnapshot:
  isStatus: running / upon expression
  isStackFrames:
    [ StackFrame:
      sfName: IncDec.increment
      sfLoc: test/contracts/module-entrypoints.mligo@7:9-7:22
      sfStack:
        [ StackItem:
          siLigoDesc:
            elem store of int in test/contracts/module-entrypoints.mligo
          siValue: 100
        , StackItem:
          siLigoDesc:
            elem delta of int in test/contracts/module-entrypoints.mligo
          siValue: 42 ] ]
InterpretSnapshot:
  isStatus: running / expression evaluated (142 : int)
  isStackFrames:
    [ StackFrame:
      sfName: IncDec.increment
      sfLoc: test/contracts/module-entrypoints.mligo@7:9-7:22
      sfStack:
        [ StackItem:
          siLigoDesc:
            elem store of int in test/contracts/module-entrypoints.mligo
          siValue: 100
        , StackItem:
          siLigoDesc:
            elem delta of int in test/contracts/module-entrypoints.mligo
          siValue: 42 ] ]
InterpretSnapshot:
  isStatus: running / upon expression
  isStackFrames:
    [ StackFrame:
      sfName: IncDec.increment
      sfLoc: test/contracts/module-entrypoints.mligo@7:5-7:7
      sfStack:
        [ StackItem:
          siLigoDesc:
            elem store of int in test/contracts/module-entrypoints.mligo
          siValue: 100
        , StackItem:
          siLigoDesc:
            elem delta of int in test/contracts/module-entrypoints.mligo
          siValue: 42 ] ]
InterpretSnapshot:
  isStatus: running / expression evaluated ({ } : operation list)
  isStackFrames:
    [ StackFrame:
      sfName: IncDec.increment
      sfLoc: test/contracts/module-entrypoints.mligo@7:5-7:7
      sfStack:
        [ StackItem:
          siLigoDesc:
            elem store of int in test/contracts/module-entrypoints.mligo
          siValue: 100
        , StackItem:
          siLigoDesc:
            elem delta of int in test/contracts/module-entrypoints.mligo
          siValue: 42 ] ]
InterpretSnapshot:
  isStatus: terminated ok
  isStackFrames:
    [ StackFrame:
      sfName: IncDec.increment
      sfLoc: test/contracts/module-entrypoints.mligo@7:5-7:7
      sfStack:
        [ StackItem:
          siLigoDesc: elem ? of  in #generated
          siValue: Pair { } 142
        , StackItem:
          siLigoDesc: elem ? of  in #generated
          siValue: 100 ] ]